---
source: tui/src/bottom_pane/chat_composer.rs
expression: terminal.backend()
---
"                                                                                                    "
"› /                                                                                                 "
"                                                                                                    "
"                                                                                                    "
"                                                                                                    "
"  /mention    mention a file                                                                        "
"  /theme      choose a syntax highlighting theme                                                    "
"  /verbosity  choose how interim transcript items are shown                                         "
"  /exit       exit Codex                                                                            "
