---
source: tui/src/bottom_pane/chat_composer.rs
expression: terminal.backend()
---
"                                                                                                    "
"› /                                                                                                 "
"                                                                                                    "
"                                                                                                    "
"                                                                                                    "
"                                                                                                    "
"  /mention  mention a file                                                                          "
"  /theme    choose a syntax highlighting theme                                                      "
"  /exit     exit CodexPotter                                                                        "
