---
source: tui/src/resume_picker_prompt.rs
expression: terminal.backend()
---
"                                                                                "
"┃ ✓ 4 rounds · 1 minute ago     main  .codexpotter/projects/2026/04/16/1/       "
"┃   Details pager state         MAIN.md                                         "
"                                                                                "
"                                Task line                                       "
"                                                                                "
"                                ROUND 1 @ 1 minute ago                          "
"                                                                                "
"                                Done                                            "
"                                                                                "
"                                                                                "
"  Enter resume  Esc start new  Tab maximize  ↑↓ switch                     ▪▫▫  "
