---
source: tui/src/projects_overlay.rs
expression: terminal.backend()
---
"                                                                                "
"┃ ✓ 1 round · 1 minute ago      Loading project details...                      "
"┃   Loading details state                                                       "
"                                                                                "
"                                                                                "
"                                                                                "
"                                                                                "
"  Esc close  Tab maximize  ↑↓ switch  shift+↑↓ scroll  ctrl+u/d page            "
