---
source: tui/src/projects_overlay.rs
expression: terminal.backend()
---
"                                        "
"┃ ✓ 12 rounds    main  .codexpotter/    "
"┃   Add          projects/2026/04/16/1  "
"┃   projects…    23456/MAIN.md          "
"                                        "
"                 Task line              "
"                                        "
"                 ROUND 1                "
"                                        "
"                 Done                   "
"                                        "
"  Esc  Tab maximize  ↑↓ ⇧↑↓ ^U/^D       "
