---
source: tui/src/projects_overlay.rs
expression: terminal.backend()
---
"                                                                                "
"  main  .codexpotter/projects/2026/04/16/1/MAIN.md                              "
"                                                                                "
"  ROUND 1 @ 1 minute ago                                                        "
"                                                                                "
"  Done                                                                          "
"                                                                                "
"                                                                                "
"                                                                                "
"                                                                                "
"                                                                                "
"                                                                                "
"                                                                                "
"                                                                                "
"                                                                                "
"                                                                                "
"                                                                                "
"  Esc close  Tab exit maximize  ↑↓ switch  shift+↑↓ scroll  ctrl+u/d page       "
