---
source: tui/src/projects_overlay.rs
expression: terminal.backend()
---
"                                                                                "
"Loading projects...             Loading projects...                             "
"                                                                                "
"                                                                                "
"                                                                                "
"                                                                                "
"                                                                                "
"  Esc close  Tab maximize  ↑↓ switch  shift+↑↓ scroll  ctrl+u/d page            "
