---
source: tui/src/app_server_render.rs
expression: terminal.backend().vt100().screen().contents()
---













› test prompt


• - Finished the project.

─ CodexPotter summary: 10 rounds in 24m 34s (Budget exhausted) ─────────────────

  View changes:      git diff fb827a2...662d232
  Task history:      .codexpotter/projects/2026/02/01/11/MAIN.md
  Loop more rounds:  codex-potter resume 2026/02/01/11
