---
source: tui/src/verbosity_picker.rs
expression: lines
---
commentary is normal                                                    
• Ran rg -n verbosity -S tui/src                                        
• Edited 2 files (+3 -1)                                                
  └ protocol/src/models.rs (+2 -1)
