---
source: tui/src/projects_overlay.rs
expression: terminal.backend()
---
"                                                                                "
"No projects found under .code   No projects found under .codexpotter/projects   "
"                                                                                "
"                                                                                "
"                                                                                "
"                                                                                "
"                                                                                "
"  Esc close  ↑↓ switch  shift+↑↓ scroll  ctrl+u/d page                          "
